
> dentist-panel@0.1.0 build
> next build

   ▲ Next.js 15.5.12
   - Environments: .env.local
   - Experiments (use with caution):
     · clientTraceMetadata

   Creating an optimized production build ...
 ✓ Compiled successfully in 7.0s
   Linting and checking validity of types ...

./src/app/(panel)/[slug]/DashboardView.tsx
36:9  Warning: 'rooms' is assigned a value but never used.  @typescript-eslint/no-unused-vars

./src/app/(panel)/[slug]/housekeeping/page.tsx
19:11  Warning: 'queryClient' is assigned a value but never used.  @typescript-eslint/no-unused-vars
29:46  Warning: 'isLoadingStaff' is assigned a value but never used.  @typescript-eslint/no-unused-vars

./src/app/(panel)/[slug]/reports/page.tsx
8:53  Warning: 'OccupancyChart' is defined but never used.  @typescript-eslint/no-unused-vars

./src/app/(panel)/[slug]/reservation-management/page.tsx
1:10  Warning: 'getHotelBySlug' is defined but never used.  @typescript-eslint/no-unused-vars
5:13  Warning: 'slug' is assigned a value but never used.  @typescript-eslint/no-unused-vars

./src/app/components/AuthGuard.tsx
8:15  Warning: 'Hotel' is defined but never used.  @typescript-eslint/no-unused-vars
8:22  Warning: 'User' is defined but never used.  @typescript-eslint/no-unused-vars
10:10  Warning: 'setCookie' is defined but never used.  @typescript-eslint/no-unused-vars
10:21  Warning: 'deleteCookie' is defined but never used.  @typescript-eslint/no-unused-vars

./src/app/components/dashboard/ReservationsSection.tsx
17:10  Warning: 'formatTime' is defined but never used.  @typescript-eslint/no-unused-vars

./src/app/components/dashboard/StatCards.tsx
22:5  Warning: 'isToday' is defined but never used.  @typescript-eslint/no-unused-vars

./src/app/components/reservations/BookingBoard.tsx
4:87  Warning: 'setHours' is defined but never used.  @typescript-eslint/no-unused-vars
4:97  Warning: 'setMinutes' is defined but never used.  @typescript-eslint/no-unused-vars
15:7  Warning: 'STATUS_COLORS' is assigned a value but never used.  @typescript-eslint/no-unused-vars
23:7  Warning: 'HOURS' is assigned a value but never used.  @typescript-eslint/no-unused-vars
32:22  Warning: 'setViewMode' is assigned a value but never used.  @typescript-eslint/no-unused-vars
43:30  Warning: 'setSelectedDate' is assigned a value but never used.  @typescript-eslint/no-unused-vars

./src/app/components/reservations/modal/GuestPicker.tsx
33:52  Warning: 'showAllInfo' is assigned a value but never used.  @typescript-eslint/no-unused-vars
285:37  Warning: Using `<img>` could result in slower LCP and higher bandwidth. Consider using `<Image />` from `next/image` or a custom image loader to automatically optimize images. This may incur additional usage or cost from your provider. See: https://nextjs.org/docs/messages/no-img-element  @next/next/no-img-element
428:57  Warning: Using `<img>` could result in slower LCP and higher bandwidth. Consider using `<Image />` from `next/image` or a custom image loader to automatically optimize images. This may incur additional usage or cost from your provider. See: https://nextjs.org/docs/messages/no-img-element  @next/next/no-img-element

./src/app/components/reservations/modal/ReservationDetails.tsx
16:60  Warning: 'today' is defined but never used.  @typescript-eslint/no-unused-vars

./src/hooks/useFolio.ts
143:11  Warning: 'hotelCtx' is assigned a value but never used.  @typescript-eslint/no-unused-vars
148:19  Warning: 'setError' is assigned a value but never used.  @typescript-eslint/no-unused-vars
167:43  Warning: 'startDate' is defined but never used.  @typescript-eslint/no-unused-vars
167:62  Warning: 'endDate' is defined but never used.  @typescript-eslint/no-unused-vars

./src/hooks/usePaymentManagement.ts
5:10  Warning: 'Reservation' is defined but never used.  @typescript-eslint/no-unused-vars
6:10  Warning: 'paymentSchema' is defined but never used.  @typescript-eslint/no-unused-vars
6:25  Warning: 'updatePaymentSchema' is defined but never used.  @typescript-eslint/no-unused-vars

./src/hooks/useReports.ts
4:10  Warning: 'UserRole' is defined but never used.  @typescript-eslint/no-unused-vars
4:20  Warning: 'Reservation' is defined but never used.  @typescript-eslint/no-unused-vars

./src/hooks/useReservationManagement.ts
270:8  Warning: React Hook useEffect has a missing dependency: 'form.additionalGuests.length'. Either include it or remove the dependency array.  react-hooks/exhaustive-deps
384:27  Warning: 'error' is assigned a value but never used.  @typescript-eslint/no-unused-vars

./src/lib/api.ts
2:10  Warning: 'UserRole' is defined but never used.  @typescript-eslint/no-unused-vars
2:26  Warning: 'FolioItem' is defined but never used.  @typescript-eslint/no-unused-vars

info  - Need to disable some ESLint rules? Learn more here: https://nextjs.org/docs/app/api-reference/config/eslint#disabling-rules
   Collecting page data ...
[Upstash Redis] The 'url' property is missing or undefined in your Redis config.
[Upstash Redis] The 'token' property is missing or undefined in your Redis config.
[Upstash Redis] The 'url' property is missing or undefined in your Redis config.
[Upstash Redis] The 'token' property is missing or undefined in your Redis config.
[Upstash Redis] The 'url' property is missing or undefined in your Redis config.
[Upstash Redis] The 'token' property is missing or undefined in your Redis config.
[Upstash Redis] The 'url' property is missing or undefined in your Redis config.
[Upstash Redis] The 'token' property is missing or undefined in your Redis config.
[Upstash Redis] The 'url' property is missing or undefined in your Redis config.
[Upstash Redis] The 'token' property is missing or undefined in your Redis config.
[Upstash Redis] The 'url' property is missing or undefined in your Redis config.
[Upstash Redis] The 'token' property is missing or undefined in your Redis config.
   Generating static pages (0/27) ...
[Upstash Redis] The 'url' property is missing or undefined in your Redis config.
[Upstash Redis] The 'token' property is missing or undefined in your Redis config.
   Generating static pages (6/27) 
   Generating static pages (13/27) 
   Generating static pages (20/27) 
[Upstash Redis] The 'url' property is missing or undefined in your Redis config.
[Upstash Redis] The 'token' property is missing or undefined in your Redis config.
 ✓ Generating static pages (27/27)
   Finalizing page optimization ...
   Collecting build traces ...

Route (app)                                        Size  First Load JS
┌ ○ /                                           12.7 kB         247 kB
├ ○ /_not-found                                   359 B         184 kB
├ ƒ /[slug]                                     23.2 kB         377 kB
├ ƒ /[slug]/admin/subscription                  4.63 kB         246 kB
├ ƒ /[slug]/admin/users                         13.7 kB         248 kB
├ ƒ /[slug]/guests                              11.5 kB         283 kB
├ ƒ /[slug]/housekeeping                        11.6 kB         261 kB
├ ƒ /[slug]/payment-management                    10 kB         193 kB
├ ƒ /[slug]/reports                             12.6 kB         358 kB
├ ƒ /[slug]/reservation-management                327 B         325 kB
├ ƒ /[slug]/reservations                          326 B         325 kB
├ ○ /admin/users                                4.13 kB         238 kB
├ ƒ /api/admin/hotels                             357 B         184 kB
├ ƒ /api/admin/hotels/automation                  356 B         184 kB
├ ƒ /api/admin/n8n/workflows                      358 B         184 kB
├ ƒ /api/admin/users                              356 B         184 kB
├ ƒ /api/admin/users/reset-password               357 B         184 kB
├ ƒ /api/auth/change-password                     358 B         184 kB
├ ƒ /api/automations/reservations/confirmation    356 B         184 kB
├ ƒ /api/automations/reservations/reminder        357 B         184 kB
├ ƒ /api/channels/web-reservation                 359 B         184 kB
├ ƒ /api/channels/whatsapp/send                   358 B         184 kB
├ ƒ /api/channels/whatsapp/webhook                359 B         184 kB
├ ƒ /api/notifications/dispatch                   359 B         184 kB
├ ○ /demo                                         360 B         184 kB
├ ○ /guests                                     4.51 kB         242 kB
├ ○ /login                                        358 B         184 kB
├ ○ /payments                                   5.36 kB         239 kB
├ ○ /platform/hotels                            8.67 kB         243 kB
├ ○ /platform/users                               643 B         184 kB
├ ○ /reports                                    13.7 kB         359 kB
├ ○ /reservations                               3.29 kB         237 kB
└ ○ /reservations/calendar                      6.84 kB         241 kB
+ First Load JS shared by all                    183 kB
  ├ chunks/4bd1b696-c0f2ee09f7447272.js         54.4 kB
  ├ chunks/7391-3ed15b3a25387c06.js              126 kB
  └ other shared chunks (total)                 3.15 kB


○  (Static)   prerendered as static content
ƒ  (Dynamic)  server-rendered on demand

